// Jest Snapshot v1, https://goo.gl/fbAQLP

exports[`renders list item with left and right items 1`] = `
<View
  accessible={true}
  isTVSelectable={true}
  onResponderGrant={[Function]}
  onResponderMove={[Function]}
  onResponderRelease={[Function]}
  onResponderTerminate={[Function]}
  onResponderTerminationRequest={[Function]}
  onStartShouldSetResponder={[Function]}
  style={
    Array [
      false,
      Array [
        Object {
          "padding": 8,
        },
        undefined,
      ],
    ]
  }
>
  <View
    style={
      Object {
        "flexDirection": "row",
      }
    }
  >
    <Text>
      GG
    </Text>
    <View
      pointerEvents="none"
      style={
        Array [
          Object {
            "margin": 8,
          },
          Object {
            "flex": 1,
            "justifyContent": "center",
          },
        ]
      }
    >
      <Text
        numberOfLines={1}
        style={
          Array [
            Object {
              "color": "#000000",
              "fontFamily": "Helvetica Neue",
              "textAlign": "left",
              "writingDirection": "ltr",
            },
            Array [
              Object {
                "fontSize": 16,
              },
              Object {
                "color": "rgba(0, 0, 0, 0.87)",
              },
            ],
          ]
        }
      >
        First Item
      </Text>
      <Text
        numberOfLines={2}
        style={
          Array [
            Object {
              "color": "#000000",
              "fontFamily": "Helvetica Neue",
              "textAlign": "left",
              "writingDirection": "ltr",
            },
            Array [
              Object {
                "fontSize": 14,
              },
              Object {
                "color": "rgba(0, 0, 0, 0.54)",
              },
            ],
          ]
        }
      >
        Item description
      </Text>
    </View>
    <View
      pointerEvents="box-none"
      style={
        Array [
          Object {
            "alignItems": "center",
            "height": 40,
            "justifyContent": "center",
            "margin": 8,
            "width": 40,
          },
          undefined,
        ]
      }
    >
      <Text
        accessibilityElementsHidden={true}
        allowFontScaling={false}
        importantForAccessibility="no-hide-descendants"
        pointerEvents="none"
        style={
          Array [
            Object {
              "color": "rgba(0, 0, 0, 0.54)",
              "fontSize": 24,
            },
            Array [
              Object {
                "transform": Array [
                  Object {
                    "scaleX": 1,
                  },
                ],
              },
              Object {
                "backgroundColor": "transparent",
              },
            ],
            Object {
              "fontFamily": "Material Icons",
              "fontStyle": "normal",
              "fontWeight": "normal",
            },
            Object {},
          ]
        }
      >
        
      </Text>
    </View>
  </View>
</View>
`;

exports[`renders list item with left item 1`] = `
<View
  accessible={true}
  isTVSelectable={true}
  onResponderGrant={[Function]}
  onResponderMove={[Function]}
  onResponderRelease={[Function]}
  onResponderTerminate={[Function]}
  onResponderTerminationRequest={[Function]}
  onStartShouldSetResponder={[Function]}
  style={
    Array [
      false,
      Array [
        Object {
          "padding": 8,
        },
        undefined,
      ],
    ]
  }
>
  <View
    style={
      Object {
        "flexDirection": "row",
      }
    }
  >
    <View
      pointerEvents="box-none"
      style={
        Array [
          Object {
            "alignItems": "center",
            "height": 40,
            "justifyContent": "center",
            "margin": 8,
            "width": 40,
          },
          undefined,
        ]
      }
    >
      <Text
        accessibilityElementsHidden={true}
        allowFontScaling={false}
        importantForAccessibility="no-hide-descendants"
        pointerEvents="none"
        style={
          Array [
            Object {
              "color": "rgba(0, 0, 0, 0.54)",
              "fontSize": 24,
            },
            Array [
              Object {
                "transform": Array [
                  Object {
                    "scaleX": 1,
                  },
                ],
              },
              Object {
                "backgroundColor": "transparent",
              },
            ],
            Object {
              "fontFamily": "Material Icons",
              "fontStyle": "normal",
              "fontWeight": "normal",
            },
            Object {},
          ]
        }
      >
        
      </Text>
    </View>
    <View
      pointerEvents="none"
      style={
        Array [
          Object {
            "margin": 8,
          },
          Object {
            "flex": 1,
            "justifyContent": "center",
          },
        ]
      }
    >
      <Text
        numberOfLines={1}
        style={
          Array [
            Object {
              "color": "#000000",
              "fontFamily": "Helvetica Neue",
              "textAlign": "left",
              "writingDirection": "ltr",
            },
            Array [
              Object {
                "fontSize": 16,
              },
              Object {
                "color": "rgba(0, 0, 0, 0.87)",
              },
            ],
          ]
        }
      >
        First Item
      </Text>
    </View>
  </View>
</View>
`;

exports[`renders list item with right item 1`] = `
<View
  accessible={true}
  isTVSelectable={true}
  onResponderGrant={[Function]}
  onResponderMove={[Function]}
  onResponderRelease={[Function]}
  onResponderTerminate={[Function]}
  onResponderTerminationRequest={[Function]}
  onStartShouldSetResponder={[Function]}
  style={
    Array [
      false,
      Array [
        Object {
          "padding": 8,
        },
        undefined,
      ],
    ]
  }
>
  <View
    style={
      Object {
        "flexDirection": "row",
      }
    }
  >
    <View
      pointerEvents="none"
      style={
        Array [
          Object {
            "margin": 8,
          },
          Object {
            "flex": 1,
            "justifyContent": "center",
          },
        ]
      }
    >
      <Text
        numberOfLines={1}
        style={
          Array [
            Object {
              "color": "#000000",
              "fontFamily": "Helvetica Neue",
              "textAlign": "left",
              "writingDirection": "ltr",
            },
            Array [
              Object {
                "fontSize": 16,
              },
              Object {
                "color": "rgba(0, 0, 0, 0.87)",
              },
            ],
          ]
        }
      >
        First Item
      </Text>
    </View>
    <Text>
      GG
    </Text>
  </View>
</View>
`;

exports[`renders list item with title and description 1`] = `
<View
  accessible={true}
  isTVSelectable={true}
  onResponderGrant={[Function]}
  onResponderMove={[Function]}
  onResponderRelease={[Function]}
  onResponderTerminate={[Function]}
  onResponderTerminationRequest={[Function]}
  onStartShouldSetResponder={[Function]}
  style={
    Array [
      false,
      Array [
        Object {
          "padding": 8,
        },
        undefined,
      ],
    ]
  }
>
  <View
    style={
      Object {
        "flexDirection": "row",
      }
    }
  >
    <View
      pointerEvents="none"
      style={
        Array [
          Object {
            "margin": 8,
          },
          Object {
            "flex": 1,
            "justifyContent": "center",
          },
        ]
      }
    >
      <Text
        numberOfLines={1}
        style={
          Array [
            Object {
              "color": "#000000",
              "fontFamily": "Helvetica Neue",
              "textAlign": "left",
              "writingDirection": "ltr",
            },
            Array [
              Object {
                "fontSize": 16,
              },
              Object {
                "color": "rgba(0, 0, 0, 0.87)",
              },
            ],
          ]
        }
      >
        First Item
      </Text>
      <Text
        numberOfLines={2}
        style={
          Array [
            Object {
              "color": "#000000",
              "fontFamily": "Helvetica Neue",
              "textAlign": "left",
              "writingDirection": "ltr",
            },
            Array [
              Object {
                "fontSize": 14,
              },
              Object {
                "color": "rgba(0, 0, 0, 0.54)",
              },
            ],
          ]
        }
      >
        Description for first item
      </Text>
    </View>
  </View>
</View>
`;
